// Jest Snapshot v1, https://goo.gl/fbAQLP

exports[`Vector2 Sad path should trow TypeError if Vector2 is not instantiated with x as Number 1`] = `"Value of x and y must be of type number"`;

exports[`Vector2 Sad path should trow TypeError if Vector2 is not instantiated with y as Number 1`] = `"Value of x and y must be of type number"`;
